// Jest Snapshot v1, https://goo.gl/fbAQLP

exports[`renders correctly 1`] = `
<div
  className="InstallOverlay__Wrapper-sc-10gjagm-0 cxFTog"
>
  <div
    className="InstallOverlay__Container-sc-10gjagm-1 gwXpSF"
  >
    <img
      alt="Add to Chrome"
      src="leftRoundArrow.svg"
    />
    <div
      className="InstallOverlay__Step-sc-10gjagm-2 bYzkZP"
    >
      <h3>
        Step 1
      </h3>
      <p>
        Click the "Add to Chrome" Button
      </p>
    </div>
    <div
      className="InstallOverlay__Step-sc-10gjagm-2 bYzkZP"
    >
      <h3>
        Step 2
      </h3>
      <p>
        Then click "Add extension"
      </p>
    </div>
  </div>
</div>
`;
